<div class='content'><span class='grayed'>Module: </span><a href="psi_element://#struct_fields">struct_fields</a></div><div class='definition'><pre><span style="color:#000080;font-weight:bold;">module private</span> <span style="color:#000080;font-weight:bold;">field</span> <span style="color:#000000;">Name</span>.<span style="color:#660e7a;font-weight:bold;">foo</span> <span style="color:#000080;font-weight:bold;">string</span></pre></div><div class='content'><p>first <em>field</em> in struct</p>
</div><br><br><br><div class='content'><span class='grayed'>Module: </span><a href="psi_element://#struct_fields">struct_fields</a></div><div class='definition'><pre><span style="color:#000080;font-weight:bold;">module private</span> <span style="color:#000080;font-weight:bold;">mut</span> <span style="color:#000080;font-weight:bold;">field</span> <span style="color:#000000;">Name1</span>.<span style="color:#660e7a;font-weight:bold;">foo</span> <span style="color:#000080;font-weight:bold;">string</span></pre></div><div class='content'><p>first <em>field</em> in struct in group</p>
</div><br><br><br><div class='content'><span class='grayed'>Module: </span><a href="psi_element://#struct_fields">struct_fields</a></div><div class='definition'><pre><span style="color:#000080;font-weight:bold;">module private</span> <span style="color:#000080;font-weight:bold;">mut</span> <span style="color:#000080;font-weight:bold;">field</span> <span style="color:#000000;">Name2</span>.<span style="color:#660e7a;font-weight:bold;">foo</span> <span style="color:#000080;font-weight:bold;">string</span></pre></div><br><br><br><div class='content'><span class='grayed'>Module: </span><a href="psi_element://#struct_fields">struct_fields</a></div><div class='definition'><pre><span style="color:#000080;font-weight:bold;">module private</span> <span style="color:#000080;font-weight:bold;">mut</span> <span style="color:#000080;font-weight:bold;">field</span> <span style="color:#000000;">Name2</span>.<span style="color:#660e7a;font-weight:bold;">boo</span> <span style="color:#000080;font-weight:bold;">string</span></pre></div><div class='content'><p>second <em>field</em> in struct in group</p>
</div><br><br><br><div class='content'><span class='grayed'>Module: </span><a href="psi_element://#struct_fields">struct_fields</a></div><div class='definition'><pre><span style="color:#000080;font-weight:bold;">module private</span> <span style="color:#000080;font-weight:bold;">field</span> <span style="color:#000000;">Name3</span>.<span style="color:#660e7a;font-weight:bold;">boo</span> <span style="color:#000080;font-weight:bold;">string</span></pre></div><div class='content'> comment after field</div>