<div class='content'><span class='grayed'>Module: </span><a href="psi_element://#builtin">builtin</a></div><div class='definition'><pre><span style="color:#000080;font-weight:bold;">variable</span> <span style="color:#000000;">it</span> <span style="color:#000000;">Array</span>[<span style="color:#000080;font-weight:bold;">string</span>]</pre></div>