<div class='content'><span class='grayed'>Module: </span><a href="psi_element://#enum_fields">enum_fields</a></div><div class='definition'><pre><span style="color:#000080;font-weight:bold;">enum field</span> <span style="color:#000000;">WithFlagEnum</span>.<span style="color:#660e7a;font-weight:bold;">red</span> = <span style="color:#0000ff;">0b1</span> <span style="color:#808080;font-style:italic;">// </span><span style="color:#808080;font-style:italic;">1</span> </pre></div><br><br><br><div class='content'><span class='grayed'>Module: </span><a href="psi_element://#enum_fields">enum_fields</a></div><div class='definition'><pre><span style="color:#000080;font-weight:bold;">enum field</span> <span style="color:#000000;">WithFlagEnum</span>.<span style="color:#660e7a;font-weight:bold;">other</span> = <span style="color:#0000ff;">0b10</span> <span style="color:#808080;font-style:italic;">// </span><span style="color:#808080;font-style:italic;">2</span> </pre></div><br><br><br><div class='content'><span class='grayed'>Module: </span><a href="psi_element://#enum_fields">enum_fields</a></div><div class='definition'><pre><span style="color:#000080;font-weight:bold;">enum field</span> <span style="color:#000000;">WithFlagEnum</span>.<span style="color:#660e7a;font-weight:bold;">blue</span> = <span style="color:#0000ff;">0b100</span> <span style="color:#808080;font-style:italic;">// </span><span style="color:#808080;font-style:italic;">4</span> </pre></div><br><br><br><div class='content'><span class='grayed'>Module: </span><a href="psi_element://#enum_fields">enum_fields</a></div><div class='definition'><pre><span style="color:#000080;font-weight:bold;">enum field</span> <span style="color:#000000;">WithComplexValue</span>.<span style="color:#660e7a;font-weight:bold;">red</span> = <span style="">-</span><span style="color:#0000ff;">1</span> <span style="">&lt;&lt;</span> <span style="color:#0000ff;">10</span><span style="color:#808080;font-style:italic;"> // </span><span style="color:#808080;font-style:italic;">-1024</span> </pre></div><br><br><br><div class='content'><span class='grayed'>Module: </span><a href="psi_element://#enum_fields">enum_fields</a></div><div class='definition'><pre><span style="color:#000080;font-weight:bold;">enum field</span> <span style="color:#000000;">WithComplexValue</span>.<span style="color:#660e7a;font-weight:bold;">other</span> = <span style="color:#0000ff;">-1023</span> </pre></div><br><br><br><div class='content'><span class='grayed'>Module: </span><a href="psi_element://#enum_fields">enum_fields</a></div><div class='definition'><pre><span style="color:#000080;font-weight:bold;">enum field</span> <span style="color:#000000;">WithComplexValue</span>.<span style="color:#660e7a;font-weight:bold;">blue</span> = <span style="color:#0000ff;">-1022</span> </pre></div><br><br><br><div class='content'><span class='grayed'>Module: </span><a href="psi_element://#enum_fields">enum_fields</a></div><div class='definition'><pre><span style="color:#000080;font-weight:bold;">enum field</span> <span style="color:#000000;">WithDifferentValues</span>.<span style="color:#660e7a;font-weight:bold;">red</span> = <span style="color:#0000ff;">1</span><span style="color:#808080;font-style:italic;"> // </span><span style="color:#808080;font-style:italic;">1</span> </pre></div><br><br><br><div class='content'><span class='grayed'>Module: </span><a href="psi_element://#enum_fields">enum_fields</a></div><div class='definition'><pre><span style="color:#000080;font-weight:bold;">enum field</span> <span style="color:#000000;">WithDifferentValues</span>.<span style="color:#660e7a;font-weight:bold;">other</span> = <span style="color:#0000ff;">2</span> </pre></div><br><br><br><div class='content'><span class='grayed'>Module: </span><a href="psi_element://#enum_fields">enum_fields</a></div><div class='definition'><pre><span style="color:#000080;font-weight:bold;">enum field</span> <span style="color:#000000;">WithDifferentValues</span>.<span style="color:#660e7a;font-weight:bold;">blue</span> = <span style="color:#0000ff;">1</span> <span style="">&lt;&lt;</span> <span style="color:#0000ff;">1</span><span style="color:#808080;font-style:italic;"> // </span><span style="color:#808080;font-style:italic;">2</span> </pre></div><br><br><br><div class='content'><span class='grayed'>Module: </span><a href="psi_element://#enum_fields">enum_fields</a></div><div class='definition'><pre><span style="color:#000080;font-weight:bold;">enum field</span> <span style="color:#000000;">WithTooComplexValues</span>.<span style="color:#660e7a;font-weight:bold;">blue</span> = (<span style="color:#0000ff;">1</span> <span style="">&lt;&lt;</span> <span style="color:#0000ff;">1</span>) <span style="">+</span> <span style="color:#0000ff;">10</span> <span style="">*</span> <span style="color:#0000ff;">156</span></pre></div>