module hints

[flag]
enum FlagEnum as u8 {
	red<#  = 1 #>
	other<#  = 2 #>
	blue<#  = 4 #>
}
