for i<# [:  int] #> in 0 <# ≤ #>..<# < #> 10 {}

arr<# [:  []int] #> := [1, 2, 3, 4, 5, 6, 7, 8, 9, 10]
arr2<# [:  []int] #> := arr[0<# ≤ #>..<# < #>4]
arr3<# [:  []int] #> := arr[..<# < #>4]
arr4<# [:  []int] #> := arr[2<# ≤ #>..]

match `a` {
	`a`<# ≤ #>...<# ≤ #>`z` {  }
}
