for i<# [:  int] #> in 0<# ≤ #>..<# < #>10 {
	println('${i} squared is ${i*i}');
}

for _ in 0<# ≤ #>..<# < #>10 {
	println!("Hello, world!");
}
