<div class='content'><span class='grayed'>Module: </span><a href="psi_element://#sum">sum</a></div><div class='definition'><pre><span style="color:#000080;font-weight:bold;">type alias</span> <span style="color:#000000;">String</span> = <span style="color:#000080;font-weight:bold;">string</span></pre></div><br><br><br><div class='content'><span class='grayed'>Module: </span><a href="psi_element://#sum">sum</a></div><div class='definition'><pre><span style="color:#000080;font-weight:bold;">sum type</span> <span style="color:#000000;">StringOrInt</span> = <span style="color:#000080;font-weight:bold;">string</span> | <span style="color:#000080;font-weight:bold;">int</span></pre></div><br><br><br><div class='content'><span class='grayed'>Module: </span><a href="psi_element://#sum">sum</a></div><div class='definition'><pre><span style="color:#808000;">[</span><span style="color:#808000;">typedef</span><span style="color:#808000;">]</span>
<span style="color:#000080;font-weight:bold;">sum type</span> <span style="color:#000000;">WithSelf</span> = []<span style="color:#000000;">WithSelf</span> | <span style="color:#000000;">StringOrInt</span></pre></div><br><br><br><div class='content'><span class='grayed'>Module: </span><a href="psi_element://#sum">sum</a></div><div class='definition'><pre><span style="color:#000080;font-weight:bold;">sum type</span> <span style="color:#000000;">FooOrInt</span> = <span style="color:#000000;">Foo</span> | <span style="color:#000080;font-weight:bold;">int</span></pre></div><br><br><br><div class='content'><span class='grayed'>Module: </span><a href="psi_element://#sum">sum</a></div><div class='definition'><pre><span style="color:#000080;font-weight:bold;">sum type</span> <span style="color:#000000;">Foo1</span>[<span style="color:#20999d;">T</span>] = <span style="color:#000000;">Some</span>[<span style="color:#20999d;">T</span>] | <span style="color:#000000;">Some2</span>[<span style="color:#20999d;">T</span>, <span style="color:#000080;font-weight:bold;">int</span>]</pre></div><br><br><br><div class='content'><span class='grayed'>Module: </span><a href="psi_element://#sum">sum</a></div><div class='definition'><pre><span style="color:#000080;font-weight:bold;">pub</span> <span style="color:#000080;font-weight:bold;">sum type</span> <span style="color:#000000;">Foo2</span>[<span style="color:#20999d;">T</span>, <span style="color:#20999d;">U</span>] = <span style="color:#000000;">Some2</span>[<span style="color:#20999d;">T</span>, <span style="color:#20999d;">U</span>] | <span style="color:#000000;">Some2</span>[<span style="color:#20999d;">T</span>, <span style="color:#000080;font-weight:bold;">int</span>] | <span style="color:#000000;">Some2</span>[<span style="color:#20999d;">U</span>, <span style="color:#000080;font-weight:bold;">int</span>]</pre></div>