<div class='content'><span class='grayed'>Module: </span><a href="psi_element://#alias">alias</a></div><div class='definition'><pre><span style="color:#000080;font-weight:bold;">type alias</span> <span style="color:#000000;">Foo</span> = <span style="color:#000080;font-weight:bold;">int</span></pre></div><br><br><br><div class='content'><span class='grayed'>Module: </span><a href="psi_element://#alias">alias</a></div><div class='definition'><pre><span style="color:#808000;">[</span><span style="color:#808000;">typedef</span><span style="color:#808000;">]</span>
<span style="color:#000080;font-weight:bold;">type alias</span> <span style="color:#000000;">Foo1</span>[<span style="color:#20999d;">T</span>] = <span style="color:#000000;">Some</span>[<span style="color:#20999d;">T</span>]</pre></div><br><br><br><div class='content'><span class='grayed'>Module: </span><a href="psi_element://#alias">alias</a></div><div class='definition'><pre><span style="color:#000080;font-weight:bold;">pub</span> <span style="color:#000080;font-weight:bold;">type alias</span> <span style="color:#000000;">Foo2</span>[<span style="color:#20999d;">T</span>, <span style="color:#20999d;">U</span>] = <span style="color:#000000;">Some2</span>[<span style="color:#20999d;">T</span>, <span style="color:#20999d;">U</span>]</pre></div>