<div class='content'><span class='grayed'>Module: </span><a href="psi_element://#main">main</a></div><div class='definition'><pre><span style="color:#000080;font-weight:bold;">struct</span> <span style="color:#000000;">Empty</span> {}</pre></div><br><br><br><div class='content'><span class='grayed'>Module: </span><a href="psi_element://#main">main</a></div><div class='definition'><pre><span style="color:#000080;font-weight:bold;">struct</span> <span style="color:#000000;">Simple</span> {
   <span style="color:#660e7a;font-weight:bold;">name</span> <span style="color:#000080;font-weight:bold;">string</span>
   <span style="color:#660e7a;font-weight:bold;">age</span>  <span style="color:#000080;font-weight:bold;">int</span>
}</pre></div><br><br><br><div class='content'><span class='grayed'>Module: </span><a href="psi_element://#main">main</a></div><div class='definition'><pre><span style="color:#000080;font-weight:bold;">struct</span> <span style="color:#000000;">WithPub</span> {
<span style="color:#000080;font-weight:bold;">pub</span>:
   <span style="color:#660e7a;font-weight:bold;">name</span> <span style="color:#000080;font-weight:bold;">string</span>
   <span style="color:#660e7a;font-weight:bold;">age</span>  <span style="color:#000080;font-weight:bold;">int</span>
}</pre></div><br><br><br><div class='content'><span class='grayed'>Module: </span><a href="psi_element://#main">main</a></div><div class='definition'><pre><span style="color:#000080;font-weight:bold;">struct</span> <span style="color:#000000;">WithPubMut</span> {
<span style="color:#000080;font-weight:bold;">pub</span> <span style="color:#000080;font-weight:bold;">mut</span>:
   <span style="color:#660e7a;font-weight:bold;">name</span> <span style="color:#000080;font-weight:bold;">string</span>
   <span style="color:#660e7a;font-weight:bold;">age</span>  <span style="color:#000080;font-weight:bold;">int</span>
}</pre></div><br><br><br><div class='content'><span class='grayed'>Module: </span><a href="psi_element://#main">main</a></div><div class='definition'><pre><span style="color:#000080;font-weight:bold;">struct</span> <span style="color:#000000;">WithPubMutGroups</span> {
<span style="color:#000080;font-weight:bold;">pub</span>:
   <span style="color:#660e7a;font-weight:bold;">name</span> <span style="color:#000080;font-weight:bold;">string</span>
<span style="color:#000080;font-weight:bold;">mut</span>:
   <span style="color:#660e7a;font-weight:bold;">age</span> <span style="color:#000080;font-weight:bold;">int</span>
}</pre></div><br><br><br><div class='content'><span class='grayed'>Module: </span><a href="psi_element://#main">main</a></div><div class='definition'><pre><span style="color:#000080;font-weight:bold;">struct</span> <span style="color:#000000;">WithDefaultValue</span> {
<span style="color:#000080;font-weight:bold;">pub</span>:
   <span style="color:#660e7a;font-weight:bold;">name</span> <span style="color:#000080;font-weight:bold;">string</span> = <span style="color:#008000;font-weight:bold;">&quot;</span><span style="color:#008000;font-weight:bold;">Hello</span><span style="color:#008000;font-weight:bold;">&quot;</span>
<span style="color:#000080;font-weight:bold;">mut</span>:
   <span style="color:#660e7a;font-weight:bold;">age</span> <span style="color:#000080;font-weight:bold;">int</span> = <span style="color:#0000ff;">100</span> <span style="">+</span> <span style="color:#0000ff;">200</span>
}</pre></div><br><br><br><div class='content'><span class='grayed'>Module: </span><a href="psi_element://#main">main</a></div><div class='definition'><pre><span style="color:#000080;font-weight:bold;">struct</span> <span style="color:#000000;">WithAttributes</span> {
<span style="color:#000080;font-weight:bold;">pub</span>:
   <span style="color:#660e7a;font-weight:bold;">name</span> <span style="color:#000080;font-weight:bold;">string</span> <span style="color:#808000;">[</span><span style="color:#808000;">sql</span>: <span style="color:#008000;font-weight:bold;">&#x27;</span><span style="color:#008000;font-weight:bold;">Name</span><span style="color:#008000;font-weight:bold;">&#x27;</span><span style="color:#808000;">]</span>
<span style="color:#000080;font-weight:bold;">mut</span>:
   <span style="color:#660e7a;font-weight:bold;">age</span> <span style="color:#000080;font-weight:bold;">int</span> <span style="color:#808000;">[</span><span style="color:#808000;">required</span>; <span style="color:#808000;">sql</span>: <span style="color:#008000;font-weight:bold;">&#x27;</span><span style="color:#008000;font-weight:bold;">Age</span><span style="color:#008000;font-weight:bold;">&#x27;</span><span style="color:#808000;">]</span>
}</pre></div><br><br><br><div class='content'><span class='grayed'>Module: </span><a href="psi_element://#main">main</a></div><div class='definition'><pre><span style="color:#000080;font-weight:bold;">struct</span> <span style="color:#000000;">WithEmbedded</span> {
   <span style="color:#000000;">WithAttributes</span>
<span style="color:#000080;font-weight:bold;">pub</span>:
   <span style="color:#660e7a;font-weight:bold;">name</span> <span style="color:#000080;font-weight:bold;">string</span> <span style="color:#808000;">[</span><span style="color:#808000;">sql</span>: <span style="color:#008000;font-weight:bold;">&#x27;</span><span style="color:#008000;font-weight:bold;">Name</span><span style="color:#008000;font-weight:bold;">&#x27;</span><span style="color:#808000;">]</span>
<span style="color:#000080;font-weight:bold;">mut</span>:
   <span style="color:#660e7a;font-weight:bold;">age</span> <span style="color:#000080;font-weight:bold;">int</span> <span style="color:#808000;">[</span><span style="color:#808000;">required</span>; <span style="color:#808000;">sql</span>: <span style="color:#008000;font-weight:bold;">&#x27;</span><span style="color:#008000;font-weight:bold;">Age</span><span style="color:#008000;font-weight:bold;">&#x27;</span><span style="color:#808000;">]</span>
}</pre></div><br><br><br><div class='content'><span class='grayed'>Module: </span><a href="psi_element://#main">main</a></div><div class='definition'><pre><span style="color:#000080;font-weight:bold;">struct</span> <span style="color:#000000;">WithOnlyEmbedded</span> {
   <span style="color:#000000;">WithAttributes</span>
}</pre></div><br><br><br><div class='content'><span class='grayed'>Module: </span><a href="psi_element://#main">main</a></div><div class='definition'><pre><span style="color:#000080;font-weight:bold;">struct</span> <span style="color:#000000;">WithSeveralEmbedded</span> {
   <span style="color:#000000;">WithAttributes</span>
   <span style="color:#000000;">WithDefaultValue</span>
}</pre></div>