<div class='content'><span class='grayed'>Module: </span><a href="psi_element://#embedded_definition">embedded_definition</a></div><div class='definition'><pre><span style="color:#000080;font-weight:bold;">anonymous field</span> <span style="color:#000000;">Foo</span>.<span style="color:#660e7a;font-weight:bold;">Name</span> </pre></div>