<div class='content'><span class='grayed'>Module: </span><a href="psi_element://#anon_structs">anon_structs</a></div><div class='definition'><pre><span style="color:#000080;font-weight:bold;">struct</span> <span style="color:#000000;">Book</span> {
   <span style="color:#660e7a;font-weight:bold;">author</span> <span style="color:#000080;font-weight:bold;">struct</span> {
   <span style="color:#660e7a;font-weight:bold;">name</span> <span style="color:#000080;font-weight:bold;">string</span>
   <span style="color:#660e7a;font-weight:bold;">age</span> <span style="color:#000080;font-weight:bold;">int</span>
}
   <span style="color:#660e7a;font-weight:bold;">title</span>  <span style="color:#000080;font-weight:bold;">string</span>
}</pre></div><br><br><br><div class='content'><span class='grayed'>Module: </span><a href="psi_element://#anon_structs">anon_structs</a></div><div class='definition'><pre><span style="color:#000080;font-weight:bold;">module private</span> <span style="color:#000080;font-weight:bold;">field</span> <span style="color:#000000;">Book</span>.<span style="color:#660e7a;font-weight:bold;">author</span> <span style="color:#000080;font-weight:bold;">struct</span> {
   <span style="color:#660e7a;font-weight:bold;">name</span> <span style="color:#000080;font-weight:bold;">string</span>
   <span style="color:#660e7a;font-weight:bold;">age</span> <span style="color:#000080;font-weight:bold;">int</span>
}</pre></div><br><br><br><div class='content'><span class='grayed'>Module: </span><a href="psi_element://#anon_structs">anon_structs</a></div><div class='definition'><pre><span style="color:#000080;font-weight:bold;">module private</span> <span style="color:#000080;font-weight:bold;">field</span> <span style="color:#000080;font-weight:bold;">struct</span> {
   <span style="color:#660e7a;font-weight:bold;">name</span> <span style="color:#000080;font-weight:bold;">string</span>
   <span style="color:#660e7a;font-weight:bold;">age</span> <span style="color:#000080;font-weight:bold;">int</span>
}.<span style="color:#660e7a;font-weight:bold;">age</span> <span style="color:#000080;font-weight:bold;">int</span></pre></div>