<div class='content'><span class='grayed'>Module: </span><a href="psi_element://#attribute">attribute</a></div><div class='definition'><pre><span style="color:#808000;">[</span><span style="color:#808000;">unsafe</span><span style="color:#808000;">]</span>
<span style="color:#808000;">[</span><span style="color:#808000;">sql</span>: <span style="color:#008000;font-weight:bold;">&#x27;</span><span style="color:#008000;font-weight:bold;">hello</span><span style="color:#008000;font-weight:bold;">&#x27;</span>; <span style="color:#808000;">hello</span>; <span style="color:#808000;">callconv</span>: <span style="color:#008000;font-weight:bold;">&#x27;</span><span style="color:#008000;font-weight:bold;">bla</span><span style="color:#008000;font-weight:bold;">&#x27;</span><span style="color:#808000;">]</span>
<span style="color:#808000;">[</span><span style="color:#000080;font-weight:bold;">if</span> <span style="color:#000000;">debug ?</span>; <span style="color:#008000;font-weight:bold;">&#x27;</span><span style="color:#008000;font-weight:bold;">hello</span><span style="color:#008000;font-weight:bold;">&#x27;</span>; <span style="color:#808000;">hello</span>; <span style="color:#808000;">callconv</span>: <span style="color:#008000;font-weight:bold;">&#x27;</span><span style="color:#008000;font-weight:bold;">bla</span><span style="color:#008000;font-weight:bold;">&#x27;</span><span style="color:#808000;">]</span>
<span style="color:#808000;">[</span><span style="color:#008000;font-weight:bold;">&#x27;</span><span style="color:#008000;font-weight:bold;">hello</span><span style="color:#008000;font-weight:bold;">&#x27;</span><span style="color:#808000;">]</span>
<span style="color:#808000;">[</span><span style="color:#0000ff;">100</span>; <span style="color:#000080;font-weight:bold;">true</span><span style="color:#808000;">]</span>
<span style="color:#000080;font-weight:bold;">fn</span> <span style="color:#000000;">main</span>() </pre></div>