<div class='content'><span class='grayed'>Module: </span><a href="psi_element://#function">function</a></div><div class='definition'><pre><span style="color:#000080;font-weight:bold;">fn</span> <span style="color:#000000;">foo</span>() </pre></div><br><br><br><div class='content'><span class='grayed'>Module: </span><a href="psi_element://#function">function</a></div><div class='definition'><pre><span style="color:#000080;font-weight:bold;">fn</span> <span style="color:#000000;">foo1</span>(<span style="color:#000000;">a</span> <span style="color:#000080;font-weight:bold;">int</span>) </pre></div><br><br><br><div class='content'><span class='grayed'>Module: </span><a href="psi_element://#function">function</a></div><div class='definition'><pre><span style="color:#000080;font-weight:bold;">pub</span> <span style="color:#000080;font-weight:bold;">fn</span> <span style="color:#000000;">foo2</span>(
    <span style="">a</span> <span style="color:#000080;font-weight:bold;">int</span>,
    <span style="">b</span> <span style="color:#000080;font-weight:bold;">string</span>,
) </pre></div><br><br><br><div class='content'><span class='grayed'>Module: </span><a href="psi_element://#function">function</a></div><div class='definition'><pre><span style="color:#000080;font-weight:bold;">fn</span> <span style="color:#000000;">foo3</span>(
    <span style="">a</span> <span style="color:#000080;font-weight:bold;">int</span>,
    <span style="">b</span> <span style="color:#000080;font-weight:bold;">string</span>,
    <span style="">c</span> <span style="color:#000080;font-weight:bold;">f64</span>,
) <span style="color:#000080;font-weight:bold;">string</span></pre></div><div class='content'><p><a href="psi_element://foo3">foo3</a> is a function with a return value</p>
</div><br><br><br><div class='content'><span class='grayed'>Module: </span><a href="psi_element://#function">function</a></div><div class='definition'><pre><span style="color:#000080;font-weight:bold;">parameter</span> <span style="color:#000000;">c</span> <span style="color:#000080;font-weight:bold;">f64</span></pre></div><br><br><br><div class='content'><span class='grayed'>Module: </span><a href="psi_element://#function">function</a></div><div class='definition'><pre><span style="color:#000080;font-weight:bold;">fn</span> <span style="color:#000000;">foo4</span>[<span style="color:#20999d;">T</span>](<span style="color:#000000;">a</span> <span style="color:#20999d;">T</span>) <span style="color:#20999d;">T</span></pre></div><br><br><br><div class='content'><span class='grayed'>Module: </span><a href="psi_element://#function">function</a></div><div class='definition'><pre><span style="color:#000080;font-weight:bold;">fn</span> <span style="color:#000000;">foo5</span>(<span style="color:#000080;font-weight:bold;">mut</span> <span style="color:#000000;">a</span> <span style="color:#000080;font-weight:bold;">string</span>) <span style="color:#000080;font-weight:bold;">string</span></pre></div><br><br><br><div class='content'><span class='grayed'>Module: </span><a href="psi_element://#function">function</a></div><div class='definition'><pre><span style="color:#000080;font-weight:bold;">pub</span> <span style="color:#000080;font-weight:bold;">fn</span> <span style="color:#000000;">foo6</span>(
   <span style="color:#000080;font-weight:bold;">mut</span>        <span style="">a</span> <span style="color:#000080;font-weight:bold;">string</span>,
   <span style="color:#000080;font-weight:bold;">shared</span>     <span style="">b</span> <span style="color:#000080;font-weight:bold;">int</span>,
   <span style="color:#000080;font-weight:bold;">mut</span> <span style="color:#000080;font-weight:bold;">shared</span> <span style="">c</span> <span style="color:#000080;font-weight:bold;">string</span>,
) !<span style="color:#000080;font-weight:bold;">string</span></pre></div><div class='content'><p><a href="psi_element://foo6">foo6</a> is a function with a return value
and some
long documentation</p>
</div><br><br><br><div class='content'><span class='grayed'>Module: </span><a href="psi_element://#function">function</a></div><div class='definition'><pre><span style="color:#000080;font-weight:bold;">mut</span> <span style="color:#000080;font-weight:bold;">parameter</span> <span style="color:#000000;">a</span> <span style="color:#000080;font-weight:bold;">string</span></pre></div><br><br><br><div class='content'><span class='grayed'>Module: </span><a href="psi_element://#function">function</a></div><div class='definition'><pre><span style="color:#000080;font-weight:bold;">fn</span> <span style="color:#000000;">foo7</span>(
   <span style="color:#000080;font-weight:bold;">mut</span> <span style="">a</span> <span style="color:#000080;font-weight:bold;">string</span>,
       <span style="">b</span> <span style="color:#000080;font-weight:bold;">shared </span><span style="color:#000080;font-weight:bold;">int</span>,
) !<span style="color:#000080;font-weight:bold;">string</span></pre></div><br><br><br><div class='content'><span class='grayed'>Module: </span><a href="psi_element://#function">function</a></div><div class='definition'><pre><span style="color:#000080;font-weight:bold;">parameter</span> <span style="color:#000000;">b</span> <span style="color:#000080;font-weight:bold;">shared </span><span style="color:#000080;font-weight:bold;">int</span></pre></div><br><br><br><div class='content'><span class='grayed'>Module: </span><a href="psi_element://#function">function</a></div><div class='definition'><pre><span style="color:#000080;font-weight:bold;">fn</span> <span style="color:#000000;">foo8</span>() !</pre></div><br><br><br><div class='content'><span class='grayed'>Module: </span><a href="psi_element://#function">function</a></div><div class='definition'><pre><span style="color:#000080;font-weight:bold;">fn</span> <span style="color:#000000;">foo9</span>() (<span style="color:#000080;font-weight:bold;">int</span>, <span style="color:#000080;font-weight:bold;">string</span>)</pre></div><br><br><br><div class='content'><span class='grayed'>Module: </span><a href="psi_element://#function">function</a></div><div class='definition'><pre><span style="color:#000080;font-weight:bold;">fn</span> <span style="color:#000000;">foo10</span>(<span style="color:#000080;font-weight:bold;">mut</span> <span style="color:#000000;">a</span> ...<span style="color:#000080;font-weight:bold;">string</span>) </pre></div><br><br><br><div class='content'><span class='grayed'>Module: </span><a href="psi_element://#function">function</a></div><div class='definition'><pre><span style="color:#000080;font-weight:bold;">mut</span> <span style="color:#000080;font-weight:bold;">parameter</span> <span style="color:#000000;">a</span> ...<span style="color:#000080;font-weight:bold;">string</span></pre></div><br><br><br><div class='content'><span class='grayed'>Module: </span><a href="psi_element://#function">function</a></div><div class='definition'><pre><span style="color:#000080;font-weight:bold;">fn</span> <span style="color:#000000;">foo11</span>(
    <span style="">s</span> <span style="color:#000080;font-weight:bold;">int</span>,
    <span style="">a</span> ...<span style="color:#000080;font-weight:bold;">string</span>,
) </pre></div><br><br><br><div class='content'><span class='grayed'>Module: </span><a href="psi_element://#function">function</a></div><div class='definition'><pre><span style="color:#000080;font-weight:bold;">parameter</span> <span style="color:#000000;">a</span> ...<span style="color:#000080;font-weight:bold;">string</span></pre></div>