<div class='content'><span class='grayed'>Module: </span><a href="psi_element://#rendered">rendered</a></div><div class='definition'><pre><span style="color:#000080;font-weight:bold;">fn</span> <span style="color:#000000;">foo</span>() </pre></div><div class='content'><p><a href="psi_element://foo">foo</a> is some function</p>
</div><br><br><br><div class='content'><span class='grayed'>Module: </span><a href="psi_element://#rendered">rendered</a></div><div class='definition'><pre><span style="color:#000080;font-weight:bold;">fn</span> <span style="color:#000000;">foo1</span>() </pre></div><div class='content'><p><a href="psi_element://foo1">foo1</a> <em>with</em> some <strong>markdown</strong> stuff.</p><p>Note: this is --doc-- comment</p>
</div><br><br><br><div class='content'><span class='grayed'>Module: </span><a href="psi_element://#rendered">rendered</a></div><div class='definition'><pre><span style="color:#000080;font-weight:bold;">fn</span> <span style="color:#000000;">foo2</span>() </pre></div><div class='content'><p><a href="psi_element://foo2">foo2</a> you can add examples.</p><p></p>
<h2>Example:</h2><pre style="text-indent: 20px;"> <span style="color: #000080; font-weight: bold;">assert </span><span style="color: #000000;">is_inline_example()</span>
</pre>

</div><br><br><br><div class='content'><span class='grayed'>Module: </span><a href="psi_element://#rendered">rendered</a></div><div class='definition'><pre><span style="color:#000080;font-weight:bold;">fn</span> <span style="color:#000000;">foo3</span>() </pre></div><div class='content'><p><a href="psi_element://foo3">foo3</a> you can also add block examples.</p><br>
<h2>Example:</h2><pre style="text-indent: 20px;"><span style="color: #000080; font-weight: bold;">assert </span><span style="color: #000000;">is_block_example()</span>
</pre>

</div><br><br><br><div class='content'><span class='grayed'>Module: </span><a href="psi_element://#rendered">rendered</a></div><div class='definition'><pre><span style="color:#000080;font-weight:bold;">fn</span> <span style="color:#000000;">foo4</span>() </pre></div><div class='content'><p><a href="psi_element://foo4">foo4</a> and several as well
<br></p><h2>Example:</h2><pre style="text-indent: 20px;"><span style="color: #000080; font-weight: bold;">assert </span><span style="color: #000000;">is_block_example()</span>
</pre>
<br>
<h2>Example:</h2><pre style="text-indent: 20px;"><span style="color: #000080; font-weight: bold;">assert </span><span style="color: #000000;">!is_inline_example()</span>
</pre>

</div><br><br><br><div class='content'><span class='grayed'>Module: </span><a href="psi_element://#rendered">rendered</a></div><div class='definition'><pre><span style="color:#000080;font-weight:bold;">fn</span> <span style="color:#000000;">foo5</span>() </pre></div><div class='content'><p><a href="psi_element://foo5">foo5</a> what about inline and block together?</p><p></p>
<h2>Example:</h2><pre style="text-indent: 20px;"> <span style="color: #000080; font-weight: bold;">assert </span><span style="color: #000000;">is_inline_example()</span>
</pre>
<br>
<h2>Example:</h2><pre style="text-indent: 20px;"><span style="color: #000080; font-weight: bold;">assert </span><span style="color: #000000;">!is_inline_example()</span>
</pre>

</div><br><br><br><div class='content'><span class='grayed'>Module: </span><a href="psi_element://#rendered">rendered</a></div><div class='definition'><pre><span style="color:#000080;font-weight:bold;">fn</span> <span style="color:#000000;">foo6</span>() </pre></div><div class='content'><p><a href="psi_element://foo6">foo6</a> with some crazy whitespaces.</p><p><strong>Note</strong>:     aaaaaaaa.</p><p></p>
<h2>Example:</h2><pre style="text-indent: 20px;">     <span style="color: #000080; font-weight: bold;">assert </span><span style="color: #000000;">is_inline_example()</span>
</pre>
<br>
<h2>Example:</h2><pre style="text-indent: 20px;">   <span style="color: #000080; font-weight: bold;">assert </span><span style="color: #000000;">!is_inline_example()</span>
</pre>

</div><br><br><br><div class='content'><span class='grayed'>Module: </span><a href="psi_element://#rendered">rendered</a></div><div class='definition'><pre><span style="color:#000080;font-weight:bold;">fn</span> <span style="color:#000000;">foo7</span>() </pre></div><div class='content'><p><a href="psi_element://foo7">foo7</a> inline too</p><p></p>
<h2>Example:</h2><pre style="text-indent: 20px;"> <span style="color: #000080; font-weight: bold;">assert </span><span style="color: #000000;">is_block_example()</span>
</pre>
<p></p>
<h2>Example:</h2><pre style="text-indent: 20px;"> <span style="color: #000080; font-weight: bold;">assert </span><span style="color: #000000;">!is_inline_example()</span>
</pre>
<p></p>
<h2>Example:</h2><pre style="text-indent: 20px;"> <span style="color: #000000;">anything </span><span style="color: #000080; font-weight: bold;">else</span>
</pre>

</div><br><br><br><div class='content'><span class='grayed'>Module: </span><a href="psi_element://#rendered">rendered</a></div><div class='definition'><pre><span style="color:#000080;font-weight:bold;">fn</span> <span style="color:#000000;">foo8</span>() </pre></div><div class='content'><p><a href="psi_element://foo8">foo8</a> each line with . or ! or ? is a separate paragraph.</p><p>And this.</p><p>Also this?</p><p>Yes!</p><p>Great.</p>
</div><br><br><br><div class='content'><span class='grayed'>Module: </span><a href="psi_element://#rendered">rendered</a></div><div class='definition'><pre><span style="color:#000080;font-weight:bold;">fn</span> <span style="color:#000000;">foo9</span>() </pre></div><div class='content'><p><a href="psi_element://foo9">foo9</a> what about multiline examples?</p><br>
<h2>Example:</h2><pre style="text-indent: 20px;"><span style="color: #000080; font-weight: bold;">fn </span><span style="color: #000000;">main() {</span>
	<span style="color: #000080; font-weight: bold;">mut </span><span style="color: #000000;">a := [</span><span style="color: #008000; font-weight: bold;">'hi'</span><span style="color: #000000;">, </span><span style="color: #008000; font-weight: bold;">'1'</span><span style="color: #000000;">, </span><span style="color: #008000; font-weight: bold;">'5'</span><span style="color: #000000;">, </span><span style="color: #008000; font-weight: bold;">'3'</span><span style="color: #000000;">]</span>
	<span style="color: #000000;">a.sort_with_compare(</span><span style="color: #000080; font-weight: bold;">fn </span><span style="color: #000000;">(a &amp;string, b &amp;string) int {</span>
		<span style="color: #000080; font-weight: bold;">if </span><span style="color: #000000;">a &lt; b {</span>
			<span style="color: #000080; font-weight: bold;">return </span><span style="color: #000000;">-</span><span style="color: #0000ff;">1</span>
		<span style="color: #000000;">}</span>
		<span style="color: #000080; font-weight: bold;">if </span><span style="color: #000000;">a &gt; b {</span>
			<span style="color: #000080; font-weight: bold;">return </span><span style="color: #0000ff;">1</span>
		<span style="color: #000000;">}</span>
		<span style="color: #000080; font-weight: bold;">return </span><span style="color: #0000ff;">0</span>
	<span style="color: #000000;">})</span>
	<span style="color: #000080; font-weight: bold;">assert </span><span style="color: #000000;">a == [</span><span style="color: #008000; font-weight: bold;">'1'</span><span style="color: #000000;">, </span><span style="color: #008000; font-weight: bold;">'3'</span><span style="color: #000000;">, </span><span style="color: #008000; font-weight: bold;">'5'</span><span style="color: #000000;">, </span><span style="color: #008000; font-weight: bold;">'hi'</span><span style="color: #000000;">]</span>
<span style="color: #000000;">}</span>
</pre>

</div>