<div class='definition'><pre><span style="color:#000080;font-weight:bold;">module</span> <span style="color:#000000;">main</span></pre></div><div class='content'><p>This is a module.</p></div>