<div class='content'><span class='grayed'>Module: </span><a href="psi_element://#type_methods">type_methods</a></div><div class='definition'><pre><span style="color:#000080;font-weight:bold;">struct</span> <span style="color:#000000;">Struct</span> {}</pre></div><table class='sections'><tr><td valign='top' class='section'><p>Methods:</td><tr><td valign='top'><p><code style='white-space: nowrap;'><span style="color:#000000;">method</span>() </code></p></td></tr><tr><td valign='top'><p><code style='white-space: nowrap;'><span style="color:#000000;">method1</span>(<span style="color:#000000;">str</span> <span style="color:#000080;font-weight:bold;">string</span>) <span style="color:#000080;font-weight:bold;">int</span></code></p></td></tr></table><br><br><br><br><div class='content'><span class='grayed'>Module: </span><a href="psi_element://#type_methods">type_methods</a></div><div class='definition'><pre><span style="color:#000080;font-weight:bold;">interface</span> <span style="color:#000000;">Interface</span> {}</pre></div><table class='sections'><tr><td valign='top' class='section'><p>Methods:</td><tr><td valign='top'><p><code style='white-space: nowrap;'><span style="color:#000000;">method</span>() </code></p></td></tr></table><br><br><br><br><div class='content'><span class='grayed'>Module: </span><a href="psi_element://#type_methods">type_methods</a></div><div class='definition'><pre><span style="color:#000080;font-weight:bold;">enum</span> <span style="color:#000000;">Enum</span></pre></div><table class='sections'><tr><td valign='top' class='section'><p>Methods:</td><tr><td valign='top'><p><code style='white-space: nowrap;'><span style="color:#000000;">method</span>() </code></p></td></tr></table><br><br><br><br><div class='content'><span class='grayed'>Module: </span><a href="psi_element://#type_methods">type_methods</a></div><div class='definition'><pre><span style="color:#000080;font-weight:bold;">type alias</span> <span style="color:#000000;">Type</span> = <span style="color:#000080;font-weight:bold;">int</span></pre></div><table class='sections'><tr><td valign='top' class='section'><p>Methods:</td><tr><td valign='top'><p><code style='white-space: nowrap;'><span style="color:#000000;">method</span>() </code></p></td></tr></table><br><br><br><br><div class='content'><span class='grayed'>Module: </span><a href="psi_element://#type_methods">type_methods</a></div><div class='definition'><pre><span style="color:#000080;font-weight:bold;">sum type</span> <span style="color:#000000;">Sum</span> = <span style="color:#000080;font-weight:bold;">int</span> | <span style="color:#000080;font-weight:bold;">string</span></pre></div><table class='sections'><tr><td valign='top' class='section'><p>Methods:</td><tr><td valign='top'><p><code style='white-space: nowrap;'><span style="color:#000000;">method</span>() </code></p></td></tr></table><br><br><br><br><div class='content'><span class='grayed'>Module: </span><a href="psi_element://#type_methods">type_methods</a></div><div class='definition'><pre><span style="color:#000080;font-weight:bold;">type alias</span> <span style="color:#000000;">Type</span> = <span style="color:#000080;font-weight:bold;">int</span></pre></div><br><br><br><div class='content'><span class='grayed'>Module: </span><a href="psi_element://#type_methods">type_methods</a></div><div class='definition'><pre><span style="color:#000080;font-weight:bold;">sum type</span> <span style="color:#000000;">Sum</span> = <span style="color:#000080;font-weight:bold;">int</span> | <span style="color:#000080;font-weight:bold;">string</span></pre></div>